// Jest Snapshot v1, https://goo.gl/fbAQLP

exports[`App layout Renders the layout 1`] = `
<body>
  <div>
    <div
      class="center"
      data-testid="center-div"
    >
      <main
        class="main"
        data-testid="main"
      >
        <p>
          Hello
        </p>
      </main>
    </div>
  </div>
</body>
`;
